2022-10-25 15:09:44.148 24066-24066 CellBroadcastReceiver   pid-24066                            D  onReceive Intent { act=android.intent.action.SERVICE_STATE flg=0x1000010 cmp=com.android.cellbroadcastreceiver/.CellBroadcastReceiver (has extras) }
2022-10-25 15:09:44.155   754-1064  ConnectivityService     pid-754                              D  notifyType CALLBACK_CAP_CHANGED for [235 CELLULAR]
2022-10-25 15:09:44.157  1178-1274  MobileSignalController  pid-1178                             D  roaming = false , isCdma = false
2022-10-25 15:09:44.160   754-817   BroadcastQueue          pid-754                              W  Permission Denial: receiving Intent { act=android.intent.action.ANY_DATA_STATE flg=0x10 (has extras) } to shareit.lite/com.ushareit.longevity.receiver.GlobalReceiver requires android.permission.READ_PHONE_STATE due to sender android (uid 1001)
2022-10-25 15:09:44.161  1128-1128  ImsStateListener        pid-1128                             D  [0] ACTION_SERVICE_STATE_CHANGED
2022-10-25 15:09:44.160   754-817   BroadcastQueue          pid-754                              W  Permission Denial: receiving Intent { act=android.intent.action.ANY_DATA_STATE flg=0x10 (has extras) } to shareit.lite/com.ushareit.longevity.receiver.GlobalReceiver requires android.permission.READ_PHONE_STATE due to sender android (uid 1001)
2022-10-25 15:09:44.163   754-1064  ConnectivityService     pid-754                              D  receive EVENT_NETWORK_PROPERTIES_CHANGED 
2022-10-25 15:09:44.163  1128-1128  PhoneUtils              pid-1128                             D  isCtCard iccid = 8923450911193697180F
2022-10-25 15:09:44.163   754-1064  ConnectivityService     pid-754                              D  Update of LinkProperties for [235 CELLULAR]; created=true; everConnected=true
2022-10-25 15:09:44.163  1128-1128  ImsServiceImpl          pid-1128                             I  [1]:onServiceStateChanged
2022-10-25 15:09:44.163  1128-1128  CallForwardHelper       pid-1128                             D  onServiceStateChanged(), state: 0 DataRegState: 0
2022-10-25 15:09:44.163   754-1064  ConnectivityService     pid-754                              D  handleUpdateLinkProperties: newLp is {InterfaceName: seth_lte0 LinkAddresses: [ 10.18.179.169/32 ] DnsAddresses: [ /10.159.83.82,/10.159.83.25 ] Domains: null MTU: 1500 TcpBufferSizes: 122334,734003,2202010,32040,192239,576717 Routes: [ 0.0.0.0/0 -> 0.0.0.0 seth_lte0 mtu 1500 ]}
2022-10-25 15:09:44.163   754-1064  ConnectivityService     pid-754                              D  updateMtu: IPv4 mtu = 1500, IPv6 mtu = 0
2022-10-25 15:09:44.163   754-1064  ConnectivityService     pid-754                              D  identical MTU - not setting
2022-10-25 15:09:44.164   754-1064  GeminiPowerms_itel      pid-754                              D  acquireWakeLock() called with: packageName = [android], tag = [NetworkStats], wakefulness = [1]
2022-10-25 15:09:44.164  1178-1178  StackScroller           pid-1178                             D  setMaxTopPadding() maxTopPadding:1304 StackScrollAlpha:1.0
2022-10-25 15:09:44.164  1128-1128  FdnHelper               pid-1128                             D  (phoneId0) onServiceStateChanged(), state: 0
2022-10-25 15:09:44.164  1128-1128  FdnHelper               pid-1128                             D  (subId8) firstQuery =false
2022-10-25 15:09:44.165  1178-1178  StackScroller           pid-1178                             D  setMaxTopPadding() maxTopPadding:1304 StackScrollAlpha:1.0
2022-10-25 15:09:44.165  1178-1178  PanelView               pid-1178                             D  getHeaderTranslation() translation:-694.0
2022-10-25 15:09:44.165  1178-1178  PanelView               pid-1178                             D  updateExpandedHeight() expandedHeight:0.0
2022-10-25 15:09:44.165  1178-1178  PanelView               pid-1178                             D  getHeaderTranslation() translation:-694.0
2022-10-25 15:09:44.166  1128-1128  [ImsCM] Im...gerMonitor pid-1128                             D  Receiver action: android.intent.action.SERVICE_STATE
2022-10-25 15:09:44.167  1178-1178  TAG                     pid-1178                             D  updateClearButton: cccc
2022-10-25 15:09:44.183  1128-1128  [ImsCM] Im...rStateInfo pid-1128                             D  setRoamingState, isInRoaming = false
2022-10-25 15:09:44.183  1128-1128  [ImsCM] Im...gerMonitor pid-1128                             D  updateServiceState isInRoaming = false
2022-10-25 15:09:44.184  1128-1128  TelephonyProvider       pid-1128                             D  Using old permission behavior for telephony provider compat
2022-10-25 15:09:44.184  1128-1128  TelephonyProvider       pid-1128                             D  subIdString = 8 subId = 8
2022-10-25 15:09:44.196  1178-1274  MobileSignalController  pid-1178                             D  roaming = false , isCdma = false
2022-10-25 15:09:44.198  1178-1274  NetworkCon...troller(8) pid-1178                             D  refreshImsIcons phoneId = 0
2022-10-25 15:09:44.198  1178-1178  StatusBarSignalPolicy   pid-1178                             D  state.show = falsestate.mMobileVolteId = 0 subId = 8
2022-10-25 15:09:44.201  1128-1128  ImsServiceImpl          pid-1128                             I  [1]:handleMessage msg={ when=-38ms what=106 obj=android.os.AsyncResult@9f84f2f target=com.spreadtrum.ims.ImsServiceImpl$ImsHandler }
2022-10-25 15:09:44.201  1128-1128  ImsServiceImpl          pid-1128                             I  [1]:EVENT_SERVICE_STATE_CHANGED->ServiceStateChange
2022-10-25 15:09:44.201  1128-1128  ImsServiceImpl          pid-1128                             I  [1]:DataRadioType:15, DataRegState:0
2022-10-25 15:09:44.202  1128-1128  ImsServiceImpl          pid-1128                             I  [1]:mImsRegistered:false, isVoLteEnabled:false, isVoLTERegistered:false
2022-10-25 15:09:44.216   754-1064  GeminiPowerms_itel      pid-754                              D  releaseWakeLock() called with: packageName = [android], tag = [NetworkStats], startAcquireTimeStamp = [285463111], relativeMillis = [52], relativeMinutes = [0], wakefulness = [1]
2022-10-25 15:09:44.217   754-1064  ConnectivityService     pid-754                              D  notifyType CALLBACK_IP_CHANGED for [235 CELLULAR]
2022-10-25 15:09:45.456  1178-1274  MobileSignalController  pid-1178                             D  roaming = false , isCdma = false
2022-10-25 15:09:45.457  1128-1128  UpLinkDataController    pid-1128                             D  onSignalStrengthsChanged
2022-10-25 15:09:45.458  1178-1274  NetworkCon...troller(9) pid-1178                             D  refreshImsIcons phoneId = 1
2022-10-25 15:09:45.461  1178-1178  StatusBarSignalPolicy   pid-1178                             D  state.show = falsestate.mMobileVolteId = 0 subId = 9
